RAM Allocation [bytes]
Variable                                                                          Address   Size
------------------------------------------------------------------------------------------------
_base_y                                                                           0x0260       4

EEPROM Allocation [bytes]
Variable                                                                          Address   Size
------------------------------------------------------------------------------------------------

Register Allocation
Variable                                                                          Register  Size
------------------------------------------------------------------------------------------------
flag                                                                              R4,R5        2
data                                                                              R6,R7        2
t                                                                                 R8,R9        2
_lcd_x                                                                            R11          1
_lcd_y                                                                            R10          1
_lcd_maxx                                                                         R13          1

FLASH Allocation [words]
Function                                                                          Address   Size
------------------------------------------------------------------------------------------------
ext_int0_isr                                                                      0x0006F      8
read_adc                                                                          0x00077     14
main                                                                              0x00085     77
init                                                                              0x000D2     67
_lcd_write_nibble_G100                                                            0x00115     21
_lcd_write_data                                                                   0x0012A     13
lcd_gotoxy                                                                        0x00137     13
lcd_clear                                                                         0x00144     12
lcd_putchar                                                                       0x00150     23
lcd_puts                                                                          0x00167     17
lcd_init                                                                          0x00178     46
getchar                                                                           0x001A6      4
putchar                                                                           0x001AA      7
put_usart_G101                                                                    0x001B1     10
put_buff_G101                                                                     0x001BB     57
_print_G101                                                                       0x001F4    308
sprintf                                                                           0x00328     46
printf                                                                            0x00356     31
get_usart_G101                                                                    0x00375     22
_scanf_G101                                                                       0x0038B    322
scanf                                                                             0x004CD     29
isdigit                                                                           0x004EA      9
isspace                                                                           0x004F3     11
isxdigit                                                                          0x004FE     15
strlen                                                                            0x0050D     12
strlenf                                                                           0x00519     13
